// Jest Snapshot v1, https://goo.gl/fbAQLP

exports[`CardContent should render correctly 1`] = `
<DocumentFragment>
  <div
    class="middle"
  >
    <p
      class="title"
    >
      xyz
    </p>
    <p
      class="about"
    >
      tjxnzh
    </p>
  </div>
</DocumentFragment>
`;
