// Jest Snapshot v1, https://goo.gl/fbAQLP

exports[`Footer should render correctly 1`] = `
<DocumentFragment>
  <footer
    class="footer"
  >
    <small>
      Â©artifact.com 2019
    </small>
  </footer>
</DocumentFragment>
`;
