// Jest Snapshot v1, https://goo.gl/fbAQLP

exports[`Header should render correctly 1`] = `
<DocumentFragment>
  <nav
    class="navbar"
  >
    <div
      class="logo"
    >
      <div
        class="titleUpper"
      >
        The Artifact
      </div>
      <div
        class="titleLower"
      >
        Culture & Art blog
      </div>
    </div>
    <ul
      class="nav-links"
    >
      <div
        class="menu"
      >
        <li>
          <a
            href="/"
          >
            Blog
          </a>
        </li>
        <li>
          <a
            href="/"
          >
            About
          </a>
        </li>
        <li>
          <a
            href="/"
          >
            Contact
          </a>
        </li>
      </div>
    </ul>
  </nav>
</DocumentFragment>
`;
