// Jest Snapshot v1, https://goo.gl/fbAQLP

exports[`CardImage should render correctly 1`] = `
<DocumentFragment>
  <div
    class="img"
  >
    <img
      alt="img"
      src="filepath"
    />
  </div>
</DocumentFragment>
`;
