// Jest Snapshot v1, https://goo.gl/fbAQLP

exports[`DateTime should render correctly 1`] = `
<DocumentFragment>
  <div
    class="upper"
  >
    <p>
      8.9.23
    </p>
    <p>
      2 mins
    </p>
  </div>
</DocumentFragment>
`;
